Archive member included to satisfy reference by file (symbol)

d:/avrstudio/7.0/toolchain/avr8/avr8-gnu-toolchain/bin/../lib/gcc/avr/5.4.0/../../../../avr/lib/avr6\libm.a(addsf3.o)
                              Sketch.o (__subsf3)
d:/avrstudio/7.0/toolchain/avr8/avr8-gnu-toolchain/bin/../lib/gcc/avr/5.4.0/../../../../avr/lib/avr6\libm.a(addsf3x.o)
                              d:/avrstudio/7.0/toolchain/avr8/avr8-gnu-toolchain/bin/../lib/gcc/avr/5.4.0/../../../../avr/lib/avr6\libm.a(addsf3.o) (__addsf3x)
d:/avrstudio/7.0/toolchain/avr8/avr8-gnu-toolchain/bin/../lib/gcc/avr/5.4.0/../../../../avr/lib/avr6\libm.a(atan2.o)
                              Sketch.o (atan2)
d:/avrstudio/7.0/toolchain/avr8/avr8-gnu-toolchain/bin/../lib/gcc/avr/5.4.0/../../../../avr/lib/avr6\libm.a(atan.o)
                              d:/avrstudio/7.0/toolchain/avr8/avr8-gnu-toolchain/bin/../lib/gcc/avr/5.4.0/../../../../avr/lib/avr6\libm.a(atan2.o) (atan)
d:/avrstudio/7.0/toolchain/avr8/avr8-gnu-toolchain/bin/../lib/gcc/avr/5.4.0/../../../../avr/lib/avr6\libm.a(ceil.o)
                              Sketch.o (ceil)
d:/avrstudio/7.0/toolchain/avr8/avr8-gnu-toolchain/bin/../lib/gcc/avr/5.4.0/../../../../avr/lib/avr6\libm.a(cmpsf2.o)
                              Sketch.o (__eqsf2)
d:/avrstudio/7.0/toolchain/avr8/avr8-gnu-toolchain/bin/../lib/gcc/avr/5.4.0/../../../../avr/lib/avr6\libm.a(cos.o)
                              Sketch.o (cos)
d:/avrstudio/7.0/toolchain/avr8/avr8-gnu-toolchain/bin/../lib/gcc/avr/5.4.0/../../../../avr/lib/avr6\libm.a(divsf3.o)
                              Sketch.o (__divsf3)
d:/avrstudio/7.0/toolchain/avr8/avr8-gnu-toolchain/bin/../lib/gcc/avr/5.4.0/../../../../avr/lib/avr6\libm.a(divsf3x.o)
                              d:/avrstudio/7.0/toolchain/avr8/avr8-gnu-toolchain/bin/../lib/gcc/avr/5.4.0/../../../../avr/lib/avr6\libm.a(divsf3.o) (__divsf3x)
d:/avrstudio/7.0/toolchain/avr8/avr8-gnu-toolchain/bin/../lib/gcc/avr/5.4.0/../../../../avr/lib/avr6\libm.a(fixsfsi.o)
                              Sketch.o (__fixsfsi)
d:/avrstudio/7.0/toolchain/avr8/avr8-gnu-toolchain/bin/../lib/gcc/avr/5.4.0/../../../../avr/lib/avr6\libm.a(fixunssfsi.o)
                              d:/avrstudio/7.0/toolchain/avr8/avr8-gnu-toolchain/bin/../lib/gcc/avr/5.4.0/../../../../avr/lib/avr6\libm.a(fixsfsi.o) (__fixunssfsi)
d:/avrstudio/7.0/toolchain/avr8/avr8-gnu-toolchain/bin/../lib/gcc/avr/5.4.0/../../../../avr/lib/avr6\libm.a(floatsisf.o)
                              Sketch.o (__floatsisf)
d:/avrstudio/7.0/toolchain/avr8/avr8-gnu-toolchain/bin/../lib/gcc/avr/5.4.0/../../../../avr/lib/avr6\libm.a(fp_cmp.o)
                              d:/avrstudio/7.0/toolchain/avr8/avr8-gnu-toolchain/bin/../lib/gcc/avr/5.4.0/../../../../avr/lib/avr6\libm.a(cmpsf2.o) (__fp_cmp)
d:/avrstudio/7.0/toolchain/avr8/avr8-gnu-toolchain/bin/../lib/gcc/avr/5.4.0/../../../../avr/lib/avr6\libm.a(fp_inf.o)
                              d:/avrstudio/7.0/toolchain/avr8/avr8-gnu-toolchain/bin/../lib/gcc/avr/5.4.0/../../../../avr/lib/avr6\libm.a(addsf3x.o) (__fp_inf)
d:/avrstudio/7.0/toolchain/avr8/avr8-gnu-toolchain/bin/../lib/gcc/avr/5.4.0/../../../../avr/lib/avr6\libm.a(fp_mintl.o)
                              d:/avrstudio/7.0/toolchain/avr8/avr8-gnu-toolchain/bin/../lib/gcc/avr/5.4.0/../../../../avr/lib/avr6\libm.a(ceil.o) (__fp_mintl)
d:/avrstudio/7.0/toolchain/avr8/avr8-gnu-toolchain/bin/../lib/gcc/avr/5.4.0/../../../../avr/lib/avr6\libm.a(fp_mpack.o)
                              d:/avrstudio/7.0/toolchain/avr8/avr8-gnu-toolchain/bin/../lib/gcc/avr/5.4.0/../../../../avr/lib/avr6\libm.a(ceil.o) (__fp_mpack)
d:/avrstudio/7.0/toolchain/avr8/avr8-gnu-toolchain/bin/../lib/gcc/avr/5.4.0/../../../../avr/lib/avr6\libm.a(fp_nan.o)
                              d:/avrstudio/7.0/toolchain/avr8/avr8-gnu-toolchain/bin/../lib/gcc/avr/5.4.0/../../../../avr/lib/avr6\libm.a(addsf3x.o) (__fp_nan)
d:/avrstudio/7.0/toolchain/avr8/avr8-gnu-toolchain/bin/../lib/gcc/avr/5.4.0/../../../../avr/lib/avr6\libm.a(fp_powser.o)
                              d:/avrstudio/7.0/toolchain/avr8/avr8-gnu-toolchain/bin/../lib/gcc/avr/5.4.0/../../../../avr/lib/avr6\libm.a(atan.o) (__fp_powser)
d:/avrstudio/7.0/toolchain/avr8/avr8-gnu-toolchain/bin/../lib/gcc/avr/5.4.0/../../../../avr/lib/avr6\libm.a(fp_pscA.o)
                              d:/avrstudio/7.0/toolchain/avr8/avr8-gnu-toolchain/bin/../lib/gcc/avr/5.4.0/../../../../avr/lib/avr6\libm.a(addsf3x.o) (__fp_pscA)
d:/avrstudio/7.0/toolchain/avr8/avr8-gnu-toolchain/bin/../lib/gcc/avr/5.4.0/../../../../avr/lib/avr6\libm.a(fp_pscB.o)
                              d:/avrstudio/7.0/toolchain/avr8/avr8-gnu-toolchain/bin/../lib/gcc/avr/5.4.0/../../../../avr/lib/avr6\libm.a(addsf3x.o) (__fp_pscB)
d:/avrstudio/7.0/toolchain/avr8/avr8-gnu-toolchain/bin/../lib/gcc/avr/5.4.0/../../../../avr/lib/avr6\libm.a(fp_rempio2.o)
[...]
Memory Configuration

Name             Origin             Length             Attributes
text             0x00000000         0x00100000         xr
data             0x00800200         0x0000fe00         rw !x
eeprom           0x00810000         0x00010000         rw !x
fuse             0x00820000         0x00000003         rw !x
lock             0x00830000         0x00000400         rw !x
signature        0x00840000         0x00000400         rw !x
user_signatures  0x00850000         0x00000400         rw !x
*default*        0x00000000         0xffffffff

Linker script and memory map

Address of section .data set to 0x800200
LOAD D:/AVRStudio/7.0/Packs/atmel/ATmega_DFP/1.2.209/gcc/dev/atmega2560/avr6/crtatmega2560.o
LOAD Sketch.o
START GROUP
LOAD d:/avrstudio/7.0/toolchain/avr8/avr8-gnu-toolchain/bin/../lib/gcc/avr/5.4.0/../../../../avr/lib/avr6\libm.a
LOAD E:\Sachu\Learing\Embedded System\ATmega168\Gcode interpreter\4AxisGcodeDemo\ArduinoSketch1\ArduinoSketch1\ArduinoCore\Debug\libArduinoCore.a
END GROUP
LOAD d:/avrstudio/7.0/toolchain/avr8/avr8-gnu-toolchain/bin/../lib/gcc/avr/5.4.0/avr6\libgcc.a
LOAD d:/avrstudio/7.0/toolchain/avr8/avr8-gnu-toolchain/bin/../lib/gcc/avr/5.4.0/../../../../avr/lib/avr6\libm.a
START GROUP
LOAD d:/avrstudio/7.0/toolchain/avr8/avr8-gnu-toolchain/bin/../lib/gcc/avr/5.4.0/avr6\libgcc.a
LOAD d:/avrstudio/7.0/toolchain/avr8/avr8-gnu-toolchain/bin/../lib/gcc/avr/5.4.0/../../../../avr/lib/avr6\libm.a
LOAD d:/avrstudio/7.0/toolchain/avr8/avr8-gnu-toolchain/bin/../lib/gcc/avr/5.4.0/../../../../avr/lib/avr6\libc.a
LOAD D:/AVRStudio/7.0/Packs/atmel/ATmega_DFP/1.2.209/gcc/dev/atmega2560/avr6\libatmega2560.a
END GROUP
                0x00100000                __TEXT_REGION_LENGTH__ = DEFINED (__TEXT_REGION_LENGTH__)?__TEXT_REGION_LENGTH__:0x100000
                0x0000fe00                __DATA_REGION_LENGTH__ = DEFINED (__DATA_REGION_LENGTH__)?__DATA_REGION_LENGTH__:0xfe00
                0x00010000                __EEPROM_REGION_LENGTH__ = DEFINED (__EEPROM_REGION_LENGTH__)?__EEPROM_REGION_LENGTH__:0x10000
                [0x00000003]                __FUSE_REGION_LENGTH__ = DEFINED (__FUSE_REGION_LENGTH__)?__FUSE_REGION_LENGTH__:0x400
                0x00000400                __LOCK_REGION_LENGTH__ = DEFINED (__LOCK_REGION_LENGTH__)?__LOCK_REGION_LENGTH__:0x400
                0x00000400                __SIGNATURE_REGION_LENGTH__ = DEFINED (__SIGNATURE_REGION_LENGTH__)?__SIGNATURE_REGION_LENGTH__:0x400
                0x00000400                __USER_SIGNATURE_REGION_LENGTH__ = DEFINED (__USER_SIGNATURE_REGION_LENGTH__)?__USER_SIGNATURE_REGION_LENGTH__:0x400

.hash
 *(.hash)

.dynsym
 *(.dynsym)

.dynstr
 *(.dynstr)

.gnu.version
 *(.gnu.version)

.gnu.version_d
 *(.gnu.version_d)

.gnu.version_r
 *(.gnu.version_r)

.rel.init
 *(.rel.init)

.rela.init
 *(.rela.init)

.rel.text
 *(.rel.text)
 *(.rel.text.*)
 *(.rel.gnu.linkonce.t*)

.rela.text
 *(.rela.text)
 *(.rela.text.*)
 *(.rela.gnu.linkonce.t*)

.rel.fini
 *(.rel.fini)

.rela.fini
 *(.rela.fini)

.rel.rodata
 *(.rel.rodata)
 *(.rel.rodata.*)
 *(.rel.gnu.linkonce.r*)

.rela.rodata
 *(.rela.rodata)
 *(.rela.rodata.*)
 *(.rela.gnu.linkonce.r*)

.rel.data
 *(.rel.data)
 *(.rel.data.*)
 *(.rel.gnu.linkonce.d*)

.rela.data
 *(.rela.data)
 *(.rela.data.*)
 *(.rela.gnu.linkonce.d*)

.rel.ctors
 *(.rel.ctors)

.rela.ctors
 *(.rela.ctors)

.rel.dtors
 *(.rel.dtors)

.rela.dtors
 *(.rela.dtors)

.rel.got
 *(.rel.got)

.rela.got
 *(.rela.got)

.rel.bss
 *(.rel.bss)

.rela.bss
 *(.rela.bss)

.rel.plt
 *(.rel.plt)

.rela.plt
 *(.rela.plt)

.text           0x00000000     0x2dca
 *(.vectors)
 .vectors       0x00000000       0xe4 D:/AVRStudio/7.0/Packs/atmel/ATmega_DFP/1.2.209/gcc/dev/atmega2560/avr6/crtatmega2560.o
                0x00000000                __vector_default
                0x00000000                __vectors
 *(.vectors)
 *(.progmem.gcc*)
 .progmem.gcc_fplib
                0x000000e4       0x2d d:/avrstudio/7.0/toolchain/avr8/avr8-gnu-toolchain/bin/../lib/gcc/avr/5.4.0/../../../../avr/lib/avr6\libm.a(atan.o)
 .progmem.gcc_fplib
                0x00000111       0x1e d:/avrstudio/7.0/toolchain/avr8/avr8-gnu-toolchain/bin/../lib/gcc/avr/5.4.0/../../../../avr/lib/avr6\libm.a(fp_sinus.o)
 *fill*         0x0000012f        0x1 
 .progmem.gcc_sw_table.turnOffPWM
                0x00000130       0x24 E:\Sachu\Learing\Embedded System\ATmega168\Gcode interpreter\4AxisGcodeDemo\ArduinoSketch1\ArduinoSketch1\ArduinoCore\Debug\libArduinoCore.a(wiring_digital.o)
                0x00000154                . = ALIGN (0x2)
                0x00000154                __trampolines_start = .
 *(.trampolines)
 .trampolines   0x00000154        0x0 linker stubs
 *(.trampolines*)
                0x00000154                __trampolines_end = .
 *libprintf_flt.a:*(.progmem.data)
 *libc.a:*(.progmem.data)
 .progmem.data  0x00000154       0x3b d:/avrstudio/7.0/toolchain/avr8/avr8-gnu-toolchain/bin/../lib/gcc/avr/5.4.0/../../../../avr/lib/avr6\libc.a(strtod.o)
 *(.progmem*)
 .progmem.data._ZZ4loopE3__c
                0x0000018f        0x3 Sketch.o
 .progmem.data._ZZ5readyvE3__c
                0x00000192        0x2 Sketch.o
 .progmem.data._ZZ14processCommandvE3__c_1
                0x00000194        0xc Sketch.o
 .progmem.data._ZZ14processCommandvE3__c_0
                0x000001a0        0xd Sketch.o
 .progmem.data._ZZ14processCommandvE3__c
                0x000001ad        0xc Sketch.o
 .progmem.data._ZZ4helpvE3__c_9
                0x000001b9       0x26 Sketch.o
 .progmem.data._ZZ4helpvE3__c_8
                0x000001df       0x25 Sketch.o
 .progmem.data._ZZ4helpvE3__c_7
                0x00000204       0x1a Sketch.o
 .progmem.data._ZZ4helpvE3__c_6
                0x0000021e       0x16 Sketch.o
 .progmem.data._ZZ4helpvE3__c_5
                0x00000234       0x30 Sketch.o
 .progmem.data._ZZ4helpvE3__c_4
                0x00000264       0x15 Sketch.o
 .progmem.data._ZZ4helpvE3__c_3
                0x00000279       0x15 Sketch.o
 .progmem.data._ZZ4helpvE3__c_2
                0x0000028e       0x18 Sketch.o
 .progmem.data._ZZ4helpvE3__c_1
                0x000002a6       0x36 Sketch.o
 .progmem.data._ZZ4helpvE3__c_0
                0x000002dc        0xa Sketch.o
 .progmem.data._ZZ4helpvE3__c
                0x000002e6       0x15 Sketch.o
 .progmem.data._ZZ8feedratefE3__c_1
                0x000002fb        0x9 Sketch.o
 .progmem.data._ZZ8feedratefE3__c_0
                0x00000304       0x17 Sketch.o
 .progmem.data._ZZ8feedratefE3__c
                0x0000031b       0x23 Sketch.o
 .progmem.data.digital_pin_to_timer_PGM
                0x0000033e       0x46 E:\Sachu\Learing\Embedded System\ATmega168\Gcode interpreter\4AxisGcodeDemo\ArduinoSketch1\ArduinoSketch1\ArduinoCore\Debug\libArduinoCore.a(wiring_digital.o)
                0x0000033e                digital_pin_to_timer_PGM
 .progmem.data.digital_pin_to_bit_mask_PGM
                0x00000384       0x46 E:\Sachu\Learing\Embedded System\ATmega168\Gcode interpreter\4AxisGcodeDemo\ArduinoSketch1\ArduinoSketch1\ArduinoCore\Debug\libArduinoCore.a(wiring_digital.o)
                0x00000384                digital_pin_to_bit_mask_PGM
 .progmem.data.digital_pin_to_port_PGM
                0x000003ca       0x46 E:\Sachu\Learing\Embedded System\ATmega168\Gcode interpreter\4AxisGcodeDemo\ArduinoSketch1\ArduinoSketch1\ArduinoCore\Debug\libArduinoCore.a(wiring_digital.o)
                0x000003ca                digital_pin_to_port_PGM
 .progmem.data.port_to_output_PGM
                0x00000410       0x1a E:\Sachu\Learing\Embedded System\ATmega168\Gcode interpreter\4AxisGcodeDemo\ArduinoSketch1\ArduinoSketch1\ArduinoCore\Debug\libArduinoCore.a(wiring_digital.o)
                0x00000410                port_to_output_PGM
 .progmem.data.port_to_mode_PGM
                0x0000042a       0x1a E:\Sachu\Learing\Embedded System\ATmega168\Gcode interpreter\4AxisGcodeDemo\ArduinoSketch1\ArduinoSketch1\ArduinoCore\Debug\libArduinoCore.a(wiring_digital.o)
                0x0000042a                port_to_mode_PGM
                0x00000444                . = ALIGN (0x2)
 *(.jumptables)
 *(.jumptables*)
 *(.lowtext)
 *(.lowtext*)
                0x00000444                __ctors_start = .
 *(.ctors)
 .ctors         0x00000444        0x2 E:\Sachu\Learing\Embedded System\ATmega168\Gcode interpreter\4AxisGcodeDemo\ArduinoSketch1\ArduinoSketch1\ArduinoCore\Debug\libArduinoCore.a(HardwareSerial0.o)
                0x00000446                __ctors_end = .
                0x00000446                __dtors_start = .
 *(.dtors)
                0x00000446                __dtors_end = .
 SORT(*)(.ctors)
 SORT(*)(.dtors)
 *(.init0)
 .init0         0x00000446        0x0 D:/AVRStudio/7.0/Packs/atmel/ATmega_DFP/1.2.209/gcc/dev/atmega2560/avr6/crtatmega2560.o
                0x00000446                __init
 *(.init0)
 *(.init1)
 *(.init1)
 *(.init2)
 .init2         0x00000446       0x10 D:/AVRStudio/7.0/Packs/atmel/ATmega_DFP/1.2.209/gcc/dev/atmega2560/avr6/crtatmega2560.o
 *(.init2)
 *(.init3)
 *(.init3)
 *(.init4)
 .init4         0x00000456       0x1a d:/avrstudio/7.0/toolchain/avr8/avr8-gnu-toolchain/bin/../lib/gcc/avr/5.4.0/avr6\libgcc.a(_copy_data.o)
                0x00000456                __do_copy_data
 .init4         0x00000470       0x10 d:/avrstudio/7.0/toolchain/avr8/avr8-gnu-toolchain/bin/../lib/gcc/avr/5.4.0/avr6\libgcc.a(_clear_bss.o)
                0x00000470                __do_clear_bss
 *(.init4)
 *(.init5)
 *(.init5)
 *(.init6)
 .init6         0x00000480       0x20 d:/avrstudio/7.0/toolchain/avr8/avr8-gnu-toolchain/bin/../lib/gcc/avr/5.4.0/avr6\libgcc.a(_ctors.o)
                0x00000480                __do_global_ctors
 *(.init6)
 *(.init7)
 *(.init7)
 *(.init8)
 *(.init8)
 *(.init9)
 .init9         0x000004a0        0x8 D:/AVRStudio/7.0/Packs/atmel/ATmega_DFP/1.2.209/gcc/dev/atmega2560/avr6/crtatmega2560.o
 *(.init9)
 *(.text)
 .text          0x000004a8        0x2 D:/AVRStudio/7.0/Packs/atmel/ATmega_DFP/1.2.209/gcc/dev/atmega2560/avr6/crtatmega2560.o
                0x000004a8                __vector_38
                0x000004a8                __vector_22
                0x000004a8                __vector_28
                0x000004a8                __vector_1
                0x000004a8                __vector_32
                0x000004a8                __vector_34
                0x000004a8                __vector_24
                0x000004a8                __vector_12
                0x000004a8                __vector_55
                0x000004a8                __vector_46
                0x000004a8                __bad_interrupt
                0x000004a8                __vector_6
                0x000004a8                __vector_31
                0x000004a8                __vector_35
                0x000004a8                __vector_39
                0x000004a8                __vector_3
                0x000004a8                __vector_30
                0x000004a8                __vector_45
                0x000004a8                __vector_11
                0x000004a8                __vector_54
                0x000004a8                __vector_13
                0x000004a8                __vector_17
                0x000004a8                __vector_19
                0x000004a8                __vector_56
                0x000004a8                __vector_7
                0x000004a8                __vector_49
                0x000004a8                __vector_41
                0x000004a8                __vector_43
                0x000004a8                __vector_27
                0x000004a8                __vector_5
                0x000004a8                __vector_33
                0x000004a8                __vector_47
                0x000004a8                __vector_52
                0x000004a8                __vector_37
                0x000004a8                __vector_4
                0x000004a8                __vector_44
                0x000004a8                __vector_51
                0x000004a8                __vector_9
                0x000004a8                __vector_2
                0x000004a8                __vector_21
                0x000004a8                __vector_15
                0x000004a8                __vector_36
                0x000004a8                __vector_29
                0x000004a8                __vector_40
                0x000004a8                __vector_8
                0x000004a8                __vector_48
                0x000004a8                __vector_14
                0x000004a8                __vector_53
                0x000004a8                __vector_10
                0x000004a8                __vector_50
                0x000004a8                __vector_16
                0x000004a8                __vector_18
                0x000004a8                __vector_20
                0x000004a8                __vector_42
                0x000004aa                . = ALIGN (0x2)
 *(.text.*)
 .text._Z5pausel
                0x000004aa       0x2e Sketch.o
                0x000004aa                _Z5pausel
 .text._Z8feedratef
                0x000004d8       0xe0 Sketch.o
                0x000004d8                _Z8feedratef
 .text._Z11parseNumbercf
                0x000005b8       0xa2 Sketch.o
                0x000005b8                _Z11parseNumbercf
 .text._Z6outputPKcf
                0x0000065a       0x2e Sketch.o
                0x0000065a                _Z6outputPKcf
 .text._Z5wherev
                0x00000688       0x88 Sketch.o
                0x00000688                _Z5wherev
 .text._Z4lineffff
                0x00000710      0x492 Sketch.o
                0x00000710                _Z4lineffff
 .text._Z4helpv
                0x00000ba2       0x94 Sketch.o
                0x00000ba2                _Z4helpv
 .text._Z14processCommandv
                0x00000c36      0x884 Sketch.o
                0x00000c36                _Z14processCommandv
 .text._Z5readyv
                0x000014ba       0x12 Sketch.o
                0x000014ba                _Z5readyv
 .text._Z11motor_setupv
                0x000014cc       0xf0 Sketch.o
                0x000014cc                _Z11motor_setupv
 .text._Z12motor_enablev
                0x000015bc       0x20 Sketch.o
                0x000015bc                _Z12motor_enablev
 .text.setup    0x000015dc       0x66 Sketch.o
                0x000015dc                setup
 .text.loop     0x00001642       0x68 Sketch.o
                0x00001642                loop
 .text.avr-libc.fplib
                0x000016aa        0xa d:/avrstudio/7.0/toolchain/avr8/avr8-gnu-toolchain/bin/../lib/gcc/avr/5.4.0/../../../../avr/lib/avr6\libm.a(addsf3.o)
                0x000016aa                __subsf3
                0x000016ac                __addsf3
 .text.avr-libc.fplib
                0x000016b4       0xc0 d:/avrstudio/7.0/toolchain/avr8/avr8-gnu-toolchain/bin/../lib/gcc/avr/5.4.0/../../../../avr/lib/avr6\libm.a(addsf3x.o)
                0x000016ce                __addsf3x
 .text.avr-libc.fplib
                0x00001774       0x74 d:/avrstudio/7.0/toolchain/avr8/avr8-gnu-toolchain/bin/../lib/gcc/avr/5.4.0/../../../../avr/lib/avr6\libm.a(atan2.o)
                0x00001792                atan2
 .text.avr-libc.fplib
                0x000017e8       0x50 d:/avrstudio/7.0/toolchain/avr8/avr8-gnu-toolchain/bin/../lib/gcc/avr/5.4.0/../../../../avr/lib/avr6\libm.a(atan.o)
                0x000017e8                atan
 .text.avr-libc.fplib
                0x00001838       0x26 d:/avrstudio/7.0/toolchain/avr8/avr8-gnu-toolchain/bin/../lib/gcc/avr/5.4.0/../../../../avr/lib/avr6\libm.a(ceil.o)
                0x00001838                ceil
 .text.avr-libc.fplib
                0x0000185e        0x8 d:/avrstudio/7.0/toolchain/avr8/avr8-gnu-toolchain/bin/../lib/gcc/avr/5.4.0/../../../../avr/lib/avr6\libm.a(cmpsf2.o)
                0x0000185e                __nesf2
                0x0000185e                __eqsf2
                0x0000185e                __cmpsf2
                0x0000185e                __ltsf2
                0x0000185e                __lesf2
 .text.avr-libc.fplib
                0x00001866        0x6 d:/avrstudio/7.0/toolchain/avr8/avr8-gnu-toolchain/bin/../lib/gcc/avr/5.4.0/../../../../avr/lib/avr6\libm.a(cos.o)
                0x00001866                cos
 .text.avr-libc.fplib
                0x0000186c        0x4 d:/avrstudio/7.0/toolchain/avr8/avr8-gnu-toolchain/bin/../lib/gcc/avr/5.4.0/../../../../avr/lib/avr6\libm.a(divsf3.o)
                0x0000186c                __divsf3
 .text.avr-libc.fplib
                0x00001870       0xcc d:/avrstudio/7.0/toolchain/avr8/avr8-gnu-toolchain/bin/../lib/gcc/avr/5.4.0/../../../../avr/lib/avr6\libm.a(divsf3x.o)
                0x00001886                __divsf3x
                0x0000188a                __divsf3_pse
 .text.avr-libc.fplib
                0x0000193c        0xa d:/avrstudio/7.0/toolchain/avr8/avr8-gnu-toolchain/bin/../lib/gcc/avr/5.4.0/../../../../avr/lib/avr6\libm.a(fixsfsi.o)
                0x0000193c                __fixsfsi
 .text.avr-libc.fplib
                0x00001946       0x58 d:/avrstudio/7.0/toolchain/avr8/avr8-gnu-toolchain/bin/../lib/gcc/avr/5.4.0/../../../../avr/lib/avr6\libm.a(fixunssfsi.o)
                0x00001946                __fixunssfsi
 .text.avr-libc.fplib
                0x0000199e       0x7a d:/avrstudio/7.0/toolchain/avr8/avr8-gnu-toolchain/bin/../lib/gcc/avr/5.4.0/../../../../avr/lib/avr6\libm.a(floatsisf.o)
                0x0000199e                __floatunsisf
                0x000019a2                __floatsisf
 .text.avr-libc.fplib
                0x00001a18       0x48 d:/avrstudio/7.0/toolchain/avr8/avr8-gnu-toolchain/bin/../lib/gcc/avr/5.4.0/../../../../avr/lib/avr6\libm.a(fp_cmp.o)
                0x00001a18                __fp_cmp
 .text.avr-libc.fplib
                0x00001a60        0xc d:/avrstudio/7.0/toolchain/avr8/avr8-gnu-toolchain/bin/../lib/gcc/avr/5.4.0/../../../../avr/lib/avr6\libm.a(fp_inf.o)
                0x00001a60                __fp_inf
 .text.avr-libc.fplib
                0x00001a6c       0x36 d:/avrstudio/7.0/toolchain/avr8/avr8-gnu-toolchain/bin/../lib/gcc/avr/5.4.0/../../../../avr/lib/avr6\libm.a(fp_mintl.o)
                0x00001a6c                __fp_mintl
 .text.avr-libc.fplib
                0x00001aa2       0x1c d:/avrstudio/7.0/toolchain/avr8/avr8-gnu-toolchain/bin/../lib/gcc/avr/5.4.0/../../../../avr/lib/avr6\libm.a(fp_mpack.o)
                0x00001aa2                __fp_mpack
                0x00001aa6                __fp_mpack_finite
 .text.avr-libc.fplib
                0x00001abe        0x6 d:/avrstudio/7.0/toolchain/avr8/avr8-gnu-toolchain/bin/../lib/gcc/avr/5.4.0/../../../../avr/lib/avr6\libm.a(fp_nan.o)
                0x00001abe                __fp_nan
 .text.avr-libc.fplib
                0x00001ac4       0x4a d:/avrstudio/7.0/toolchain/avr8/avr8-gnu-toolchain/bin/../lib/gcc/avr/5.4.0/../../../../avr/lib/avr6\libm.a(fp_powser.o)
                0x00001ac4                __fp_powser
 .text.avr-libc.fplib
                0x00001b0e        0xe d:/avrstudio/7.0/toolchain/avr8/avr8-gnu-toolchain/bin/../lib/gcc/avr/5.4.0/../../../../avr/lib/avr6\libm.a(fp_pscA.o)
                0x00001b0e                __fp_pscA
 .text.avr-libc.fplib
                0x00001b1c        0xe d:/avrstudio/7.0/toolchain/avr8/avr8-gnu-toolchain/bin/../lib/gcc/avr/5.4.0/../../../../avr/lib/avr6\libm.a(fp_pscB.o)
                0x00001b1c                __fp_pscB
 .text.avr-libc.fplib
                0x00001b2a       0x50 d:/avrstudio/7.0/toolchain/avr8/avr8-gnu-toolchain/bin/../lib/gcc/avr/5.4.0/../../../../avr/lib/avr6\libm.a(fp_rempio2.o)
                0x00001b2c                __fp_rempio2
 .text.avr-libc.fplib
                0x00001b7a       0x22 d:/avrstudio/7.0/toolchain/avr8/avr8-gnu-toolchain/bin/../lib/gcc/avr/5.4.0/../../../../avr/lib/avr6\libm.a(fp_round.o)
                0x00001b7a                __fp_round
 .text.avr-libc.fplib
                0x00001b9c       0x22 d:/avrstudio/7.0/toolchain/avr8/avr8-gnu-toolchain/bin/../lib/gcc/avr/5.4.0/../../../../avr/lib/avr6\libm.a(fp_sinus.o)
                0x00001b9c                __fp_sinus
 .text.avr-libc.fplib
                0x00001bbe       0x44 d:/avrstudio/7.0/toolchain/avr8/avr8-gnu-toolchain/bin/../lib/gcc/avr/5.4.0/../../../../avr/lib/avr6\libm.a(fp_split3.o)
                0x00001bbe                __fp_split3
                0x00001bce                __fp_splitA
 .text.avr-libc.fplib
                0x00001c02       0x2e d:/avrstudio/7.0/toolchain/avr8/avr8-gnu-toolchain/bin/../lib/gcc/avr/5.4.0/../../../../avr/lib/avr6\libm.a(fp_trunc.o)
                0x00001c02                __fp_trunc
 .text.avr-libc.fplib
                0x00001c30        0xe d:/avrstudio/7.0/toolchain/avr8/avr8-gnu-toolchain/bin/../lib/gcc/avr/5.4.0/../../../../avr/lib/avr6\libm.a(fp_zero.o)
                0x00001c30                __fp_zero
                0x00001c32                __fp_szero
 .text.avr-libc.fplib
                0x00001c3e        0x8 d:/avrstudio/7.0/toolchain/avr8/avr8-gnu-toolchain/bin/../lib/gcc/avr/5.4.0/../../../../avr/lib/avr6\libm.a(gesf2.o)
                0x00001c3e                __gesf2
                0x00001c3e                __gtsf2
 .text.avr-libc.fplib
                0x00001c46        0xe d:/avrstudio/7.0/toolchain/avr8/avr8-gnu-toolchain/bin/../lib/gcc/avr/5.4.0/../../../../avr/lib/avr6\libm.a(inverse.o)
                0x00001c46                inverse
 .text.avr-libc.fplib
                0x00001c54        0x4 d:/avrstudio/7.0/toolchain/avr8/avr8-gnu-toolchain/bin/../lib/gcc/avr/5.4.0/../../../../avr/lib/avr6\libm.a(mulsf3.o)
                0x00001c54                __mulsf3
 .text.avr-libc.fplib
                0x00001c58       0xc2 d:/avrstudio/7.0/toolchain/avr8/avr8-gnu-toolchain/bin/../lib/gcc/avr/5.4.0/../../../../avr/lib/avr6\libm.a(mulsf3x.o)
                0x00001c6c                __mulsf3x
                0x00001c70                __mulsf3_pse
 .text.avr-libc.fplib
                0x00001d1a        0xc d:/avrstudio/7.0/toolchain/avr8/avr8-gnu-toolchain/bin/../lib/gcc/avr/5.4.0/../../../../avr/lib/avr6\libm.a(sin.o)
                0x00001d1a                sin
 .text.avr-libc.fplib
                0x00001d26       0x84 d:/avrstudio/7.0/toolchain/avr8/avr8-gnu-toolchain/bin/../lib/gcc/avr/5.4.0/../../../../avr/lib/avr6\libm.a(sqrt.o)
                0x00001d2e                sqrtf
                0x00001d2e                sqrt
 .text.avr-libc.fplib
                0x00001daa        0x6 d:/avrstudio/7.0/toolchain/avr8/avr8-gnu-toolchain/bin/../lib/gcc/avr/5.4.0/../../../../avr/lib/avr6\libm.a(square.o)
                0x00001daa                square
 .text.avr-libc.fplib
                0x00001db0        0xe d:/avrstudio/7.0/toolchain/avr8/avr8-gnu-toolchain/bin/../lib/gcc/avr/5.4.0/../../../../avr/lib/avr6\libm.a(fp_norm2.o)
                0x00001db0                __fp_norm2
 .text.avr-libc.fplib
                0x00001dbe       0x22 d:/avrstudio/7.0/toolchain/avr8/avr8-gnu-toolchain/bin/../lib/gcc/avr/5.4.0/../../../../avr/lib/avr6\libm.a(fp_powsodd.o)
                0x00001dbe                __fp_powsodd
 .text._ZN14HardwareSerial9availableEv
                0x00001de0       0x18 E:\Sachu\Learing\Embedded System\ATmega168\Gcode interpreter\4AxisGcodeDemo\ArduinoSketch1\ArduinoSketch1\ArduinoCore\Debug\libArduinoCore.a(HardwareSerial.o)
                0x00001de0                _ZN14HardwareSerial9availableEv
 .text._ZN14HardwareSerial4peekEv
                0x00001df8       0x1c E:\Sachu\Learing\Embedded System\ATmega168\Gcode interpreter\4AxisGcodeDemo\ArduinoSketch1\ArduinoSketch1\ArduinoCore\Debug\libArduinoCore.a(HardwareSerial.o)
                0x00001df8                _ZN14HardwareSerial4peekEv
 .text._ZN14HardwareSerial4readEv
                0x00001e14       0x28 E:\Sachu\Learing\Embedded System\ATmega168\Gcode interpreter\4AxisGcodeDemo\ArduinoSketch1\ArduinoSketch1\ArduinoCore\Debug\libArduinoCore.a(HardwareSerial.o)
                0x00001e14                _ZN14HardwareSerial4readEv
 .text._ZN14HardwareSerial17availableForWriteEv
                0x00001e3c       0x1e E:\Sachu\Learing\Embedded System\ATmega168\Gcode interpreter\4AxisGcodeDemo\ArduinoSketch1\ArduinoSketch1\ArduinoCore\Debug\libArduinoCore.a(HardwareSerial.o)
                0x00001e3c                _ZN14HardwareSerial17availableForWriteEv
 .text._Z14serialEventRunv
                0x00001e5a       0x78 E:\Sachu\Learing\Embedded System\ATmega168\Gcode interpreter\4AxisGcodeDemo\ArduinoSketch1\ArduinoSketch1\ArduinoCore\Debug\libArduinoCore.a(HardwareSerial.o)
                0x00001e5a                _Z14serialEventRunv
 .text._ZN14HardwareSerial17_tx_udr_empty_irqEv
                0x00001ed2       0x44 E:\Sachu\Learing\Embedded System\ATmega168\Gcode interpreter\4AxisGcodeDemo\ArduinoSketch1\ArduinoSketch1\ArduinoCore\Debug\libArduinoCore.a(HardwareSerial.o)
                0x00001ed2                _ZN14HardwareSerial17_tx_udr_empty_irqEv
 .text._ZN14HardwareSerial5writeEh
                0x00001f16       0x98 E:\Sachu\Learing\Embedded System\ATmega168\Gcode interpreter\4AxisGcodeDemo\ArduinoSketch1\ArduinoSketch1\ArduinoCore\Debug\libArduinoCore.a(HardwareSerial.o)
                0x00001f16                _ZN14HardwareSerial5writeEh
 .text._ZN14HardwareSerial5flushEv
                0x00001fae       0x42 E:\Sachu\Learing\Embedded System\ATmega168\Gcode interpreter\4AxisGcodeDemo\ArduinoSketch1\ArduinoSketch1\ArduinoCore\Debug\libArduinoCore.a(HardwareSerial.o)
                0x00001fae                _ZN14HardwareSerial5flushEv
 .text._ZN14HardwareSerial5beginEmh
                0x00001ff0       0xc6 E:\Sachu\Learing\Embedded System\ATmega168\Gcode interpreter\4AxisGcodeDemo\ArduinoSketch1\ArduinoSketch1\ArduinoCore\Debug\libArduinoCore.a(HardwareSerial.o)
                0x00001ff0                _ZN14HardwareSerial5beginEmh
 .text.__vector_25
                0x000020b6       0x6c E:\Sachu\Learing\Embedded System\ATmega168\Gcode interpreter\4AxisGcodeDemo\ArduinoSketch1\ArduinoSketch1\ArduinoCore\Debug\libArduinoCore.a(HardwareSerial0.o)
                0x000020b6                __vector_25
 .text.__vector_26
                0x00002122       0x52 E:\Sachu\Learing\Embedded System\ATmega168\Gcode interpreter\4AxisGcodeDemo\ArduinoSketch1\ArduinoSketch1\ArduinoCore\Debug\libArduinoCore.a(HardwareSerial0.o)
                0x00002122                __vector_26
 .text._Z17Serial0_availablev
                0x00002174       0x12 E:\Sachu\Learing\Embedded System\ATmega168\Gcode interpreter\4AxisGcodeDemo\ArduinoSketch1\ArduinoSketch1\ArduinoCore\Debug\libArduinoCore.a(HardwareSerial0.o)
                0x00002174                _Z17Serial0_availablev
 .text.startup._GLOBAL__sub_I___vector_25
                0x00002186       0x5a E:\Sachu\Learing\Embedded System\ATmega168\Gcode interpreter\4AxisGcodeDemo\ArduinoSketch1\ArduinoSketch1\ArduinoCore\Debug\libArduinoCore.a(HardwareSerial0.o)
 .text.initVariant
                0x000021e0        0x2 E:\Sachu\Learing\Embedded System\ATmega168\Gcode interpreter\4AxisGcodeDemo\ArduinoSketch1\ArduinoSketch1\ArduinoCore\Debug\libArduinoCore.a(main.o)
                0x000021e0                initVariant
 .text.startup.main
                0x000021e2       0x14 E:\Sachu\Learing\Embedded System\ATmega168\Gcode interpreter\4AxisGcodeDemo\ArduinoSketch1\ArduinoSketch1\ArduinoCore\Debug\libArduinoCore.a(main.o)
                0x000021e2                main
 .text._ZN5Print5writeEPKhj
                0x000021f6       0x54 E:\Sachu\Learing\Embedded System\ATmega168\Gcode interpreter\4AxisGcodeDemo\ArduinoSketch1\ArduinoSketch1\ArduinoCore\Debug\libArduinoCore.a(Print.o)
                0x000021f6                _ZN5Print5writeEPKhj
 .text._ZN5Print5writeEPKc
                0x0000224a       0x2a E:\Sachu\Learing\Embedded System\ATmega168\Gcode interpreter\4AxisGcodeDemo\ArduinoSketch1\ArduinoSketch1\ArduinoCore\Debug\libArduinoCore.a(Print.o)
                0x0000224a                _ZN5Print5writeEPKc
 .text._ZN5Print5printEPK19__FlashStringHelper
                0x00002274       0x48 E:\Sachu\Learing\Embedded System\ATmega168\Gcode interpreter\4AxisGcodeDemo\ArduinoSketch1\ArduinoSketch1\ArduinoCore\Debug\libArduinoCore.a(Print.o)
                0x00002274                _ZN5Print5printEPK19__FlashStringHelper
 .text._ZN5Print5printEPKc
                0x000022bc        0x2 E:\Sachu\Learing\Embedded System\ATmega168\Gcode interpreter\4AxisGcodeDemo\ArduinoSketch1\ArduinoSketch1\ArduinoCore\Debug\libArduinoCore.a(Print.o)
                0x000022bc                _ZN5Print5printEPKc
 .text._ZN5Print5printEc
                0x000022be        0xe E:\Sachu\Learing\Embedded System\ATmega168\Gcode interpreter\4AxisGcodeDemo\ArduinoSketch1\ArduinoSketch1\ArduinoCore\Debug\libArduinoCore.a(Print.o)
                0x000022be                _ZN5Print5printEc
 .text._ZN5Print7printlnEv
                0x000022cc        0x6 E:\Sachu\Learing\Embedded System\ATmega168\Gcode interpreter\4AxisGcodeDemo\ArduinoSketch1\ArduinoSketch1\ArduinoCore\Debug\libArduinoCore.a(Print.o)
                0x000022cc                _ZN5Print7printlnEv
 .text._ZN5Print7printlnEPK19__FlashStringHelper
                0x000022d2       0x20 E:\Sachu\Learing\Embedded System\ATmega168\Gcode interpreter\4AxisGcodeDemo\ArduinoSketch1\ArduinoSketch1\ArduinoCore\Debug\libArduinoCore.a(Print.o)
                0x000022d2                _ZN5Print7printlnEPK19__FlashStringHelper
 .text._ZN5Print7printlnEPKc
                0x000022f2       0x20 E:\Sachu\Learing\Embedded System\ATmega168\Gcode interpreter\4AxisGcodeDemo\ArduinoSketch1\ArduinoSketch1\ArduinoCore\Debug\libArduinoCore.a(Print.o)
                0x000022f2                _ZN5Print7printlnEPKc
 .text._ZN5Print11printNumberEmh
                0x00002312       0x8e E:\Sachu\Learing\Embedded System\ATmega168\Gcode interpreter\4AxisGcodeDemo\ArduinoSketch1\ArduinoSketch1\ArduinoCore\Debug\libArduinoCore.a(Print.o)
                0x00002312                _ZN5Print11printNumberEmh
 .text._ZN5Print5printEmi
                0x000023a0       0x18 E:\Sachu\Learing\Embedded System\ATmega168\Gcode interpreter\4AxisGcodeDemo\ArduinoSketch1\ArduinoSketch1\ArduinoCore\Debug\libArduinoCore.a(Print.o)
                0x000023a0                _ZN5Print5printEmi
 .text._ZN5Print5printEji
                0x000023b8        0xa E:\Sachu\Learing\Embedded System\ATmega168\Gcode interpreter\4AxisGcodeDemo\ArduinoSketch1\ArduinoSketch1\ArduinoCore\Debug\libArduinoCore.a(Print.o)
                0x000023b8                _ZN5Print5printEji
 .text._ZN5Print5printEli
                0x000023c2       0x8a E:\Sachu\Learing\Embedded System\ATmega168\Gcode interpreter\4AxisGcodeDemo\ArduinoSketch1\ArduinoSketch1\ArduinoCore\Debug\libArduinoCore.a(Print.o)
                0x000023c2                _ZN5Print5printEli
 .text._ZN5Print5printEii
                0x0000244c        0xc E:\Sachu\Learing\Embedded System\ATmega168\Gcode interpreter\4AxisGcodeDemo\ArduinoSketch1\ArduinoSketch1\ArduinoCore\Debug\libArduinoCore.a(Print.o)
                0x0000244c                _ZN5Print5printEii
 .text._ZN5Print7printlnEii
                0x00002458       0x20 E:\Sachu\Learing\Embedded System\ATmega168\Gcode interpreter\4AxisGcodeDemo\ArduinoSketch1\ArduinoSketch1\ArduinoCore\Debug\libArduinoCore.a(Print.o)
                0x00002458                _ZN5Print7printlnEii
 .text._ZN5Print7printlnEli
                0x00002478       0x20 E:\Sachu\Learing\Embedded System\ATmega168\Gcode interpreter\4AxisGcodeDemo\ArduinoSketch1\ArduinoSketch1\ArduinoCore\Debug\libArduinoCore.a(Print.o)
                0x00002478                _ZN5Print7printlnEli
 .text._ZN5Print10printFloatEdh
                0x00002498      0x18e E:\Sachu\Learing\Embedded System\ATmega168\Gcode interpreter\4AxisGcodeDemo\ArduinoSketch1\ArduinoSketch1\ArduinoCore\Debug\libArduinoCore.a(Print.o)
                0x00002498                _ZN5Print10printFloatEdh
 .text._ZN5Print7printlnEdi
                0x00002626       0x20 E:\Sachu\Learing\Embedded System\ATmega168\Gcode interpreter\4AxisGcodeDemo\ArduinoSketch1\ArduinoSketch1\ArduinoCore\Debug\libArduinoCore.a(Print.o)
                0x00002626                _ZN5Print7printlnEdi
 .text.__vector_23
                0x00002646       0x94 E:\Sachu\Learing\Embedded System\ATmega168\Gcode interpreter\4AxisGcodeDemo\ArduinoSketch1\ArduinoSketch1\ArduinoCore\Debug\libArduinoCore.a(wiring.o)
                0x00002646                __vector_23
 .text.micros   0x000026da       0x4a E:\Sachu\Learing\Embedded System\ATmega168\Gcode interpreter\4AxisGcodeDemo\ArduinoSketch1\ArduinoSketch1\ArduinoCore\Debug\libArduinoCore.a(wiring.o)
                0x000026da                micros
 .text.delay    0x00002724       0x72 E:\Sachu\Learing\Embedded System\ATmega168\Gcode interpreter\4AxisGcodeDemo\ArduinoSketch1\ArduinoSketch1\ArduinoCore\Debug\libArduinoCore.a(wiring.o)
                0x00002724                delay
 .text.delayMicroseconds
                0x00002796       0x16 E:\Sachu\Learing\Embedded System\ATmega168\Gcode interpreter\4AxisGcodeDemo\ArduinoSketch1\ArduinoSketch1\ArduinoCore\Debug\libArduinoCore.a(wiring.o)
                0x00002796                delayMicroseconds
 .text.init     0x000027ac       0xc4 E:\Sachu\Learing\Embedded System\ATmega168\Gcode interpreter\4AxisGcodeDemo\ArduinoSketch1\ArduinoSketch1\ArduinoCore\Debug\libArduinoCore.a(wiring.o)
                0x000027ac                init
 .text.turnOffPWM
                0x00002870       0xaa E:\Sachu\Learing\Embedded System\ATmega168\Gcode interpreter\4AxisGcodeDemo\ArduinoSketch1\ArduinoSketch1\ArduinoCore\Debug\libArduinoCore.a(wiring_digital.o)
 .text.pinMode  0x0000291a       0x78 E:\Sachu\Learing\Embedded System\ATmega168\Gcode interpreter\4AxisGcodeDemo\ArduinoSketch1\ArduinoSketch1\ArduinoCore\Debug\libArduinoCore.a(wiring_digital.o)
                0x0000291a                pinMode
 .text.digitalWrite
                0x00002992       0x5c E:\Sachu\Learing\Embedded System\ATmega168\Gcode interpreter\4AxisGcodeDemo\ArduinoSketch1\ArduinoSketch1\ArduinoCore\Debug\libArduinoCore.a(wiring_digital.o)
                0x00002992                digitalWrite
 .text.__empty  0x000029ee        0x2 E:\Sachu\Learing\Embedded System\ATmega168\Gcode interpreter\4AxisGcodeDemo\ArduinoSketch1\ArduinoSketch1\ArduinoCore\Debug\libArduinoCore.a(hooks.o)
                0x000029ee                yield
 .text.avr-libc.fplib
                0x000029f0        0x8 d:/avrstudio/7.0/toolchain/avr8/avr8-gnu-toolchain/bin/../lib/gcc/avr/5.4.0/../../../../avr/lib/avr6\libm.a(unordsf2.o)
                0x000029f0                __unordsf2
 .text.libgcc.div
                0x000029f8       0x44 d:/avrstudio/7.0/toolchain/avr8/avr8-gnu-toolchain/bin/../lib/gcc/avr/5.4.0/avr6\libgcc.a(_udivmodsi4.o)
                0x000029f8                __udivmodsi4
 .text.libgcc.div
                0x00002a3c       0x28 d:/avrstudio/7.0/toolchain/avr8/avr8-gnu-toolchain/bin/../lib/gcc/avr/5.4.0/avr6\libgcc.a(_divmodsi4.o)
                0x00002a3c                __divmodsi4
 .text.libgcc.div
                0x00002a64       0x10 d:/avrstudio/7.0/toolchain/avr8/avr8-gnu-toolchain/bin/../lib/gcc/avr/5.4.0/avr6\libgcc.a(_negsi2.o)
                0x00002a64                __negsi2
 .text.libgcc   0x00002a74       0x10 d:/avrstudio/7.0/toolchain/avr8/avr8-gnu-toolchain/bin/../lib/gcc/avr/5.4.0/avr6\libgcc.a(_tablejump2.o)
                0x00002a74                __tablejump2__
 .text.avr-libc
                0x00002a84      0x2ae d:/avrstudio/7.0/toolchain/avr8/avr8-gnu-toolchain/bin/../lib/gcc/avr/5.4.0/../../../../avr/lib/avr6\libc.a(strtod.o)
                0x00002a84                strtod
 .text.avr-libc
                0x00002d32        0x6 d:/avrstudio/7.0/toolchain/avr8/avr8-gnu-toolchain/bin/../lib/gcc/avr/5.4.0/../../../../avr/lib/avr6\libc.a(atof.o)
                0x00002d32                atof
 .text.avr-libc
                0x00002d38       0x10 d:/avrstudio/7.0/toolchain/avr8/avr8-gnu-toolchain/bin/../lib/gcc/avr/5.4.0/../../../../avr/lib/avr6\libc.a(isspace.o)
                0x00002d38                isspace
 .text.avr-libc
                0x00002d48       0x30 d:/avrstudio/7.0/toolchain/avr8/avr8-gnu-toolchain/bin/../lib/gcc/avr/5.4.0/../../../../avr/lib/avr6\libc.a(strncasecmp_P.o)
                0x00002d48                strncasecmp_P
 .text.avr-libc
                0x00002d78       0x16 d:/avrstudio/7.0/toolchain/avr8/avr8-gnu-toolchain/bin/../lib/gcc/avr/5.4.0/../../../../avr/lib/avr6\libc.a(strchr.o)
                0x00002d78                strchr
 .text.avr-libc
                0x00002d8e        0x6 d:/avrstudio/7.0/toolchain/avr8/avr8-gnu-toolchain/bin/../lib/gcc/avr/5.4.0/../../../../avr/lib/avr6\libc.a(cty_isfalse.o)
                0x00002d8e                __ctype_isfalse
                0x00002d92                __ctype_istrue
 .text.libgcc.mul
                0x00002d94       0x14 d:/avrstudio/7.0/toolchain/avr8/avr8-gnu-toolchain/bin/../lib/gcc/avr/5.4.0/avr6\libgcc.a(_muluhisi3.o)
                0x00002d94                __muluhisi3
 .text.libgcc.mul
                0x00002da8       0x1e d:/avrstudio/7.0/toolchain/avr8/avr8-gnu-toolchain/bin/../lib/gcc/avr/5.4.0/avr6\libgcc.a(_umulhisi3.o)
                0x00002da8                __umulhisi3
                0x00002dc6                . = ALIGN (0x2)
 *(.fini9)
 .fini9         0x00002dc6        0x0 d:/avrstudio/7.0/toolchain/avr8/avr8-gnu-toolchain/bin/../lib/gcc/avr/5.4.0/avr6\libgcc.a(_exit.o)
                0x00002dc6                _exit
                0x00002dc6                exit
 *(.fini9)
 *(.fini8)
 *(.fini8)
 *(.fini7)
 *(.fini7)
 *(.fini6)
 *(.fini6)
 *(.fini5)
 *(.fini5)
 *(.fini4)
 *(.fini4)
 *(.fini3)
 *(.fini3)
 *(.fini2)
 *(.fini2)
 *(.fini1)
 *(.fini1)
 *(.fini0)
 .fini0         0x00002dc6        0x4 d:/avrstudio/7.0/toolchain/avr8/avr8-gnu-toolchain/bin/../lib/gcc/avr/5.4.0/avr6\libgcc.a(_exit.o)
 *(.fini0)
                0x00002dca                _etext = .

.data           0x00800200       0x62 load address 0x00002dca
                0x00800200                PROVIDE (__data_start, .)
 *(.data)
 *(.data*)
 .data.mode_abs
                0x00800200        0x1 Sketch.o
                0x00800200                mode_abs
 *(.gnu.linkonce.d*)
 *(.rodata)
 *(.rodata*)
 .rodata.str1.1
                0x00800201       0x3f Sketch.o
 .rodata._ZTV14HardwareSerial
                0x00800240       0x12 E:\Sachu\Learing\Embedded System\ATmega168\Gcode interpreter\4AxisGcodeDemo\ArduinoSketch1\ArduinoSketch1\ArduinoCore\Debug\libArduinoCore.a(HardwareSerial.o)
                0x00800240                _ZTV14HardwareSerial
 .rodata.str1.1
                0x00800252        0xf E:\Sachu\Learing\Embedded System\ATmega168\Gcode interpreter\4AxisGcodeDemo\ArduinoSketch1\ArduinoSketch1\ArduinoCore\Debug\libArduinoCore.a(Print.o)
 *(.gnu.linkonce.r*)
                0x00800262                . = ALIGN (0x2)
 *fill*         0x00800261        0x1 
                0x00800262                _edata = .
                0x00800262                PROVIDE (__data_end, .)

.bss            0x00800262      0x156
                0x00800262                PROVIDE (__bss_start, .)
 *(.bss)
 *(.bss*)
 .bss.line_number
                0x00800262        0x4 Sketch.o
                0x00800262                line_number
 .bss.pe        0x00800266        0x4 Sketch.o
                0x00800266                pe
 .bss.pz        0x0080026a        0x4 Sketch.o
                0x0080026a                pz
 .bss.py        0x0080026e        0x4 Sketch.o
                0x0080026e                py
 .bss.px        0x00800272        0x4 Sketch.o
                0x00800272                px
 .bss.step_delay
                0x00800276        0x4 Sketch.o
                0x00800276                step_delay
 .bss.fr        0x0080027a        0x4 Sketch.o
                0x0080027a                fr
 .bss.sofar     0x0080027e        0x2 Sketch.o
                0x0080027e                sofar
 .bss.serialBuffer
                0x00800280       0x40 Sketch.o
                0x00800280                serialBuffer
 .bss.motors    0x008002c0       0x20 Sketch.o
                0x008002c0                motors
 .bss.a         0x008002e0       0x30 Sketch.o
                0x008002e0                a
 .bss.Serial    0x00800310       0x9d E:\Sachu\Learing\Embedded System\ATmega168\Gcode interpreter\4AxisGcodeDemo\ArduinoSketch1\ArduinoSketch1\ArduinoCore\Debug\libArduinoCore.a(HardwareSerial0.o)
                0x00800310                Serial
 .bss.timer0_fract
                0x008003ad        0x1 E:\Sachu\Learing\Embedded System\ATmega168\Gcode interpreter\4AxisGcodeDemo\ArduinoSketch1\ArduinoSketch1\ArduinoCore\Debug\libArduinoCore.a(wiring.o)
 .bss.timer0_millis
                0x008003ae        0x4 E:\Sachu\Learing\Embedded System\ATmega168\Gcode interpreter\4AxisGcodeDemo\ArduinoSketch1\ArduinoSketch1\ArduinoCore\Debug\libArduinoCore.a(wiring.o)
                0x008003ae                timer0_millis
 .bss.timer0_overflow_count
                0x008003b2        0x4 E:\Sachu\Learing\Embedded System\ATmega168\Gcode interpreter\4AxisGcodeDemo\ArduinoSketch1\ArduinoSketch1\ArduinoCore\Debug\libArduinoCore.a(wiring.o)
                0x008003b2                timer0_overflow_count
 *(COMMON)
 COMMON         0x008003b6        0x2 d:/avrstudio/7.0/toolchain/avr8/avr8-gnu-toolchain/bin/../lib/gcc/avr/5.4.0/../../../../avr/lib/avr6\libc.a(errno.o)
                0x008003b6                errno
                0x008003b8                PROVIDE (__bss_end, .)
                0x00002dca                __data_load_start = LOADADDR (.data)
                0x00002e2c                __data_load_end = (__data_load_start + SIZEOF (.data))

.noinit         0x008003b8        0x0
                [!provide]                PROVIDE (__noinit_start, .)
 *(.noinit*)
                [!provide]                PROVIDE (__noinit_end, .)
                0x008003b8                _end = .
                [!provide]                PROVIDE (__heap_start, .)

.eeprom         0x00810000        0x0
 *(.eeprom*)
                0x00810000                __eeprom_end = .

.fuse
 *(.fuse)
 *(.lfuse)
 *(.hfuse)
 *(.efuse)

.lock
 *(.lock*)

.signature
 *(.signature*)

.user_signatures
 *(.user_signatures*)

.stab
 *(.stab)

.stabstr
 *(.stabstr)

.stab.excl
 *(.stab.excl)

.stab.exclstr
 *(.stab.exclstr)

.stab.index
 *(.stab.index)

.stab.indexstr
 *(.stab.indexstr)

.comment        0x00000000       0x5c
 *(.comment)
 .comment       0x00000000       0x30 Sketch.o
                                 0x31 (size before relaxing)
 .comment       0x00000030       0x31 E:\Sachu\Learing\Embedded System\ATmega168\Gcode interpreter\4AxisGcodeDemo\ArduinoSketch1\ArduinoSketch1\ArduinoCore\Debug\libArduinoCore.a(HardwareSerial.o)
 .comment       0x00000030       0x31 E:\Sachu\Learing\Embedded System\ATmega168\Gcode interpreter\4AxisGcodeDemo\ArduinoSketch1\ArduinoSketch1\ArduinoCore\Debug\libArduinoCore.a(HardwareSerial0.o)
 .comment       0x00000030       0x31 E:\Sachu\Learing\Embedded System\ATmega168\Gcode interpreter\4AxisGcodeDemo\ArduinoSketch1\ArduinoSketch1\ArduinoCore\Debug\libArduinoCore.a(main.o)
 .comment       0x00000030       0x31 E:\Sachu\Learing\Embedded System\ATmega168\Gcode interpreter\4AxisGcodeDemo\ArduinoSketch1\ArduinoSketch1\ArduinoCore\Debug\libArduinoCore.a(Print.o)
 .comment       0x00000030       0x31 E:\Sachu\Learing\Embedded System\ATmega168\Gcode interpreter\4AxisGcodeDemo\ArduinoSketch1\ArduinoSketch1\ArduinoCore\Debug\libArduinoCore.a(wiring.o)
 .comment       0x00000030       0x31 E:\Sachu\Learing\Embedded System\ATmega168\Gcode interpreter\4AxisGcodeDemo\ArduinoSketch1\ArduinoSketch1\ArduinoCore\Debug\libArduinoCore.a(wiring_digital.o)
 .comment       0x00000030       0x31 E:\Sachu\Learing\Embedded System\ATmega168\Gcode interpreter\4AxisGcodeDemo\ArduinoSketch1\ArduinoSketch1\ArduinoCore\Debug\libArduinoCore.a(hooks.o)
 .comment       0x00000030       0x31 d:/avrstudio/7.0/toolchain/avr8/avr8-gnu-toolchain/bin/../lib/gcc/avr/5.4.0/../../../../avr/lib/avr6\libc.a(strtod.o)
 .comment       0x00000030       0x2c d:/avrstudio/7.0/toolchain/avr8/avr8-gnu-toolchain/bin/../lib/gcc/avr/5.4.0/../../../../avr/lib/avr6\libc.a(errno.o)
                                 0x2d (size before relaxing)

.note.gnu.avr.deviceinfo
                0x00000000       0x40
 .note.gnu.avr.deviceinfo
                0x00000000       0x40 D:/AVRStudio/7.0/Packs/atmel/ATmega_DFP/1.2.209/gcc/dev/atmega2560/avr6/crtatmega2560.o

.note.gnu.build-id
 *(.note.gnu.build-id)

.debug
 *(.debug)

.line
 *(.line)

.debug_srcinfo
 *(.debug_srcinfo)

.debug_sfnames
 *(.debug_sfnames)

.debug_aranges  0x00000000      0x320
 *(.debug_aranges)
 .debug_aranges
                0x00000000       0xa0 Sketch.o
 .debug_aranges
                0x000000a0       0x68 E:\Sachu\Learing\Embedded System\ATmega168\Gcode interpreter\4AxisGcodeDemo\ArduinoSketch1\ArduinoSketch1\ArduinoCore\Debug\libArduinoCore.a(HardwareSerial.o)
 .debug_aranges
                0x00000108       0x48 E:\Sachu\Learing\Embedded System\ATmega168\Gcode interpreter\4AxisGcodeDemo\ArduinoSketch1\ArduinoSketch1\ArduinoCore\Debug\libArduinoCore.a(HardwareSerial0.o)
 .debug_aranges
                0x00000150       0x30 E:\Sachu\Learing\Embedded System\ATmega168\Gcode interpreter\4AxisGcodeDemo\ArduinoSketch1\ArduinoSketch1\ArduinoCore\Debug\libArduinoCore.a(main.o)
 .debug_aranges
                0x00000180      0x100 E:\Sachu\Learing\Embedded System\ATmega168\Gcode interpreter\4AxisGcodeDemo\ArduinoSketch1\ArduinoSketch1\ArduinoCore\Debug\libArduinoCore.a(Print.o)
 .debug_aranges
                0x00000280       0x48 E:\Sachu\Learing\Embedded System\ATmega168\Gcode interpreter\4AxisGcodeDemo\ArduinoSketch1\ArduinoSketch1\ArduinoCore\Debug\libArduinoCore.a(wiring.o)
 .debug_aranges
                0x000002c8       0x38 E:\Sachu\Learing\Embedded System\ATmega168\Gcode interpreter\4AxisGcodeDemo\ArduinoSketch1\ArduinoSketch1\ArduinoCore\Debug\libArduinoCore.a(wiring_digital.o)
 .debug_aranges
                0x00000300       0x20 E:\Sachu\Learing\Embedded System\ATmega168\Gcode interpreter\4AxisGcodeDemo\ArduinoSketch1\ArduinoSketch1\ArduinoCore\Debug\libArduinoCore.a(hooks.o)

.debug_pubnames
 *(.debug_pubnames)

.debug_info     0x00000000     0x94ed
 *(.debug_info .gnu.linkonce.wi.*)
 .debug_info    0x00000000      0xbbc D:/AVRStudio/7.0/Packs/atmel/ATmega_DFP/1.2.209/gcc/dev/atmega2560/avr6/crtatmega2560.o
 .debug_info    0x00000bbc     0x17cc Sketch.o
 .debug_info    0x00002388     0x205e E:\Sachu\Learing\Embedded System\ATmega168\Gcode interpreter\4AxisGcodeDemo\ArduinoSketch1\ArduinoSketch1\ArduinoCore\Debug\libArduinoCore.a(HardwareSerial.o)
 .debug_info    0x000043e6     0x1b74 E:\Sachu\Learing\Embedded System\ATmega168\Gcode interpreter\4AxisGcodeDemo\ArduinoSketch1\ArduinoSketch1\ArduinoCore\Debug\libArduinoCore.a(HardwareSerial0.o)
 .debug_info    0x00005f5a      0x295 E:\Sachu\Learing\Embedded System\ATmega168\Gcode interpreter\4AxisGcodeDemo\ArduinoSketch1\ArduinoSketch1\ArduinoCore\Debug\libArduinoCore.a(main.o)
 .debug_info    0x000061ef     0x295d E:\Sachu\Learing\Embedded System\ATmega168\Gcode interpreter\4AxisGcodeDemo\ArduinoSketch1\ArduinoSketch1\ArduinoCore\Debug\libArduinoCore.a(Print.o)
 .debug_info    0x00008b4c      0x329 E:\Sachu\Learing\Embedded System\ATmega168\Gcode interpreter\4AxisGcodeDemo\ArduinoSketch1\ArduinoSketch1\ArduinoCore\Debug\libArduinoCore.a(wiring.o)
 .debug_info    0x00008e75      0x63a E:\Sachu\Learing\Embedded System\ATmega168\Gcode interpreter\4AxisGcodeDemo\ArduinoSketch1\ArduinoSketch1\ArduinoCore\Debug\libArduinoCore.a(wiring_digital.o)
 .debug_info    0x000094af       0x3e E:\Sachu\Learing\Embedded System\ATmega168\Gcode interpreter\4AxisGcodeDemo\ArduinoSketch1\ArduinoSketch1\ArduinoCore\Debug\libArduinoCore.a(hooks.o)

.debug_abbrev   0x00000000     0x20a0
 *(.debug_abbrev)
 .debug_abbrev  0x00000000      0xb1a D:/AVRStudio/7.0/Packs/atmel/ATmega_DFP/1.2.209/gcc/dev/atmega2560/avr6/crtatmega2560.o
 .debug_abbrev  0x00000b1a      0x490 Sketch.o
 .debug_abbrev  0x00000faa      0x4b7 E:\Sachu\Learing\Embedded System\ATmega168\Gcode interpreter\4AxisGcodeDemo\ArduinoSketch1\ArduinoSketch1\ArduinoCore\Debug\libArduinoCore.a(HardwareSerial.o)
 .debug_abbrev  0x00001461      0x3ce E:\Sachu\Learing\Embedded System\ATmega168\Gcode interpreter\4AxisGcodeDemo\ArduinoSketch1\ArduinoSketch1\ArduinoCore\Debug\libArduinoCore.a(HardwareSerial0.o)
 .debug_abbrev  0x0000182f      0x12d E:\Sachu\Learing\Embedded System\ATmega168\Gcode interpreter\4AxisGcodeDemo\ArduinoSketch1\ArduinoSketch1\ArduinoCore\Debug\libArduinoCore.a(main.o)
 .debug_abbrev  0x0000195c      0x47a E:\Sachu\Learing\Embedded System\ATmega168\Gcode interpreter\4AxisGcodeDemo\ArduinoSketch1\ArduinoSketch1\ArduinoCore\Debug\libArduinoCore.a(Print.o)
 .debug_abbrev  0x00001dd6      0x146 E:\Sachu\Learing\Embedded System\ATmega168\Gcode interpreter\4AxisGcodeDemo\ArduinoSketch1\ArduinoSketch1\ArduinoCore\Debug\libArduinoCore.a(wiring.o)
 .debug_abbrev  0x00001f1c      0x15a E:\Sachu\Learing\Embedded System\ATmega168\Gcode interpreter\4AxisGcodeDemo\ArduinoSketch1\ArduinoSketch1\ArduinoCore\Debug\libArduinoCore.a(wiring_digital.o)
 .debug_abbrev  0x00002076       0x2a E:\Sachu\Learing\Embedded System\ATmega168\Gcode interpreter\4AxisGcodeDemo\ArduinoSketch1\ArduinoSketch1\ArduinoCore\Debug\libArduinoCore.a(hooks.o)

.debug_line     0x00000000     0x1e88
 *(.debug_line .debug_line.* .debug_line_end)
 .debug_line    0x00000000      0x1f9 D:/AVRStudio/7.0/Packs/atmel/ATmega_DFP/1.2.209/gcc/dev/atmega2560/avr6/crtatmega2560.o
 .debug_line    0x000001f9      0x854 Sketch.o
 .debug_line    0x00000a4d      0x4e2 E:\Sachu\Learing\Embedded System\ATmega168\Gcode interpreter\4AxisGcodeDemo\ArduinoSketch1\ArduinoSketch1\ArduinoCore\Debug\libArduinoCore.a(HardwareSerial.o)
 .debug_line    0x00000f2f      0x25a E:\Sachu\Learing\Embedded System\ATmega168\Gcode interpreter\4AxisGcodeDemo\ArduinoSketch1\ArduinoSketch1\ArduinoCore\Debug\libArduinoCore.a(HardwareSerial0.o)
 .debug_line    0x00001189      0x14a E:\Sachu\Learing\Embedded System\ATmega168\Gcode interpreter\4AxisGcodeDemo\ArduinoSketch1\ArduinoSketch1\ArduinoCore\Debug\libArduinoCore.a(main.o)
 .debug_line    0x000012d3      0x653 E:\Sachu\Learing\Embedded System\ATmega168\Gcode interpreter\4AxisGcodeDemo\ArduinoSketch1\ArduinoSketch1\ArduinoCore\Debug\libArduinoCore.a(Print.o)
 .debug_line    0x00001926      0x2b4 E:\Sachu\Learing\Embedded System\ATmega168\Gcode interpreter\4AxisGcodeDemo\ArduinoSketch1\ArduinoSketch1\ArduinoCore\Debug\libArduinoCore.a(wiring.o)
 .debug_line    0x00001bda      0x26d E:\Sachu\Learing\Embedded System\ATmega168\Gcode interpreter\4AxisGcodeDemo\ArduinoSketch1\ArduinoSketch1\ArduinoCore\Debug\libArduinoCore.a(wiring_digital.o)
 .debug_line    0x00001e47       0x41 E:\Sachu\Learing\Embedded System\ATmega168\Gcode interpreter\4AxisGcodeDemo\ArduinoSketch1\ArduinoSketch1\ArduinoCore\Debug\libArduinoCore.a(hooks.o)

.debug_frame    0x00000000      0x9f0
 *(.debug_frame)
 .debug_frame   0x00000000      0x29c Sketch.o
 .debug_frame   0x0000029c      0x110 E:\Sachu\Learing\Embedded System\ATmega168\Gcode interpreter\4AxisGcodeDemo\ArduinoSketch1\ArduinoSketch1\ArduinoCore\Debug\libArduinoCore.a(HardwareSerial.o)
 .debug_frame   0x000003ac       0xe0 E:\Sachu\Learing\Embedded System\ATmega168\Gcode interpreter\4AxisGcodeDemo\ArduinoSketch1\ArduinoSketch1\ArduinoCore\Debug\libArduinoCore.a(HardwareSerial0.o)
 .debug_frame   0x0000048c       0x54 E:\Sachu\Learing\Embedded System\ATmega168\Gcode interpreter\4AxisGcodeDemo\ArduinoSketch1\ArduinoSketch1\ArduinoCore\Debug\libArduinoCore.a(main.o)
 .debug_frame   0x000004e0      0x3ac E:\Sachu\Learing\Embedded System\ATmega168\Gcode interpreter\4AxisGcodeDemo\ArduinoSketch1\ArduinoSketch1\ArduinoCore\Debug\libArduinoCore.a(Print.o)
 .debug_frame   0x0000088c       0xc4 E:\Sachu\Learing\Embedded System\ATmega168\Gcode interpreter\4AxisGcodeDemo\ArduinoSketch1\ArduinoSketch1\ArduinoCore\Debug\libArduinoCore.a(wiring.o)
 .debug_frame   0x00000950       0x7c E:\Sachu\Learing\Embedded System\ATmega168\Gcode interpreter\4AxisGcodeDemo\ArduinoSketch1\ArduinoSketch1\ArduinoCore\Debug\libArduinoCore.a(wiring_digital.o)
 .debug_frame   0x000009cc       0x24 E:\Sachu\Learing\Embedded System\ATmega168\Gcode interpreter\4AxisGcodeDemo\ArduinoSketch1\ArduinoSketch1\ArduinoCore\Debug\libArduinoCore.a(hooks.o)

.debug_str      0x00000000     0x252f
 *(.debug_str)
 .debug_str     0x00000000      0x3e6 D:/AVRStudio/7.0/Packs/atmel/ATmega_DFP/1.2.209/gcc/dev/atmega2560/avr6/crtatmega2560.o
 .debug_str     0x000003e6      0x739 Sketch.o
                                0x7cc (size before relaxing)
 .debug_str     0x00000b1f     0x13f1 E:\Sachu\Learing\Embedded System\ATmega168\Gcode interpreter\4AxisGcodeDemo\ArduinoSketch1\ArduinoSketch1\ArduinoCore\Debug\libArduinoCore.a(HardwareSerial.o)
                               0x171c (size before relaxing)
 .debug_str     0x00001f10       0xca E:\Sachu\Learing\Embedded System\ATmega168\Gcode interpreter\4AxisGcodeDemo\ArduinoSketch1\ArduinoSketch1\ArduinoCore\Debug\libArduinoCore.a(HardwareSerial0.o)
                               0x1437 (size before relaxing)
 .debug_str     0x00001fda       0x37 E:\Sachu\Learing\Embedded System\ATmega168\Gcode interpreter\4AxisGcodeDemo\ArduinoSketch1\ArduinoSketch1\ArduinoCore\Debug\libArduinoCore.a(main.o)
                                0x2e3 (size before relaxing)
 .debug_str     0x00002011      0x2e9 E:\Sachu\Learing\Embedded System\ATmega168\Gcode interpreter\4AxisGcodeDemo\ArduinoSketch1\ArduinoSketch1\ArduinoCore\Debug\libArduinoCore.a(Print.o)
                               0x1271 (size before relaxing)
 .debug_str     0x000022fa      0x152 E:\Sachu\Learing\Embedded System\ATmega168\Gcode interpreter\4AxisGcodeDemo\ArduinoSketch1\ArduinoSketch1\ArduinoCore\Debug\libArduinoCore.a(wiring.o)
                                0x279 (size before relaxing)
 .debug_str     0x0000244c       0xc7 E:\Sachu\Learing\Embedded System\ATmega168\Gcode interpreter\4AxisGcodeDemo\ArduinoSketch1\ArduinoSketch1\ArduinoCore\Debug\libArduinoCore.a(wiring_digital.o)
                                0x2de (size before relaxing)
 .debug_str     0x00002513       0x1c E:\Sachu\Learing\Embedded System\ATmega168\Gcode interpreter\4AxisGcodeDemo\ArduinoSketch1\ArduinoSketch1\ArduinoCore\Debug\libArduinoCore.a(hooks.o)
                                0x16e (size before relaxing)

.debug_loc      0x00000000     0x3a4a
 *(.debug_loc)
 .debug_loc     0x00000000      0xf3f Sketch.o
 .debug_loc     0x00000f3f      0x4dc E:\Sachu\Learing\Embedded System\ATmega168\Gcode interpreter\4AxisGcodeDemo\ArduinoSketch1\ArduinoSketch1\ArduinoCore\Debug\libArduinoCore.a(HardwareSerial.o)
 .debug_loc     0x0000141b      0x1b0 E:\Sachu\Learing\Embedded System\ATmega168\Gcode interpreter\4AxisGcodeDemo\ArduinoSketch1\ArduinoSketch1\ArduinoCore\Debug\libArduinoCore.a(HardwareSerial0.o)
 .debug_loc     0x000015cb     0x1c87 E:\Sachu\Learing\Embedded System\ATmega168\Gcode interpreter\4AxisGcodeDemo\ArduinoSketch1\ArduinoSketch1\ArduinoCore\Debug\libArduinoCore.a(Print.o)
 .debug_loc     0x00003252      0x28d E:\Sachu\Learing\Embedded System\ATmega168\Gcode interpreter\4AxisGcodeDemo\ArduinoSketch1\ArduinoSketch1\ArduinoCore\Debug\libArduinoCore.a(wiring.o)
 .debug_loc     0x000034df      0x56b E:\Sachu\Learing\Embedded System\ATmega168\Gcode interpreter\4AxisGcodeDemo\ArduinoSketch1\ArduinoSketch1\ArduinoCore\Debug\libArduinoCore.a(wiring_digital.o)

.debug_macinfo
 *(.debug_macinfo)

.debug_weaknames
 *(.debug_weaknames)

.debug_funcnames
 *(.debug_funcnames)

.debug_typenames
 *(.debug_typenames)

.debug_varnames
 *(.debug_varnames)

.debug_pubtypes
 *(.debug_pubtypes)

.debug_ranges   0x00000000      0x328
 *(.debug_ranges)
 .debug_ranges  0x00000000       0xe8 Sketch.o
 .debug_ranges  0x000000e8       0x58 E:\Sachu\Learing\Embedded System\ATmega168\Gcode interpreter\4AxisGcodeDemo\ArduinoSketch1\ArduinoSketch1\ArduinoCore\Debug\libArduinoCore.a(HardwareSerial.o)
 .debug_ranges  0x00000140       0x38 E:\Sachu\Learing\Embedded System\ATmega168\Gcode interpreter\4AxisGcodeDemo\ArduinoSketch1\ArduinoSketch1\ArduinoCore\Debug\libArduinoCore.a(HardwareSerial0.o)
 .debug_ranges  0x00000178       0x20 E:\Sachu\Learing\Embedded System\ATmega168\Gcode interpreter\4AxisGcodeDemo\ArduinoSketch1\ArduinoSketch1\ArduinoCore\Debug\libArduinoCore.a(main.o)
 .debug_ranges  0x00000198      0x120 E:\Sachu\Learing\Embedded System\ATmega168\Gcode interpreter\4AxisGcodeDemo\ArduinoSketch1\ArduinoSketch1\ArduinoCore\Debug\libArduinoCore.a(Print.o)
 .debug_ranges  0x000002b8       0x38 E:\Sachu\Learing\Embedded System\ATmega168\Gcode interpreter\4AxisGcodeDemo\ArduinoSketch1\ArduinoSketch1\ArduinoCore\Debug\libArduinoCore.a(wiring.o)
 .debug_ranges  0x000002f0       0x28 E:\Sachu\Learing\Embedded System\ATmega168\Gcode interpreter\4AxisGcodeDemo\ArduinoSketch1\ArduinoSketch1\ArduinoCore\Debug\libArduinoCore.a(wiring_digital.o)
 .debug_ranges  0x00000318       0x10 E:\Sachu\Learing\Embedded System\ATmega168\Gcode interpreter\4AxisGcodeDemo\ArduinoSketch1\ArduinoSketch1\ArduinoCore\Debug\libArduinoCore.a(hooks.o)

.debug_macro
 *(.debug_macro)
OUTPUT(GcodeCNCDemo4AxisRAMPS.elf elf32-avr)
LOAD linker stubs
